Game of Life

Initial:
. . . . . 
. . . . . 
. . X X X 
. . . . . 
. . . . . 


