['foobar', 'diff', 'received.txt', 'approved.txt']