--- b.approved.txt

+++ a.received.txt

@@ -1 +1 @@

-def

+abc


to approve this result:

move /Y "tmpdir/a.received.txt" "tmpdir/b.approved.txt"
