args: (1, 2) => 4
args: (1, 4) => 6
args: (3, 2) => 5
args: (3, 4) => 8
