args: (1, 2) => 4
args: (1, 4) => 6
args: (1, 6) => 8
args: (3, 2) => 6
args: (3, 4) => 8
args: (3, 6) => 10
args: (5, 2) => 8
args: (5, 4) => 10
args: (5, 6) => 12
args: (7, 2) => 10
args: (7, 4) => 12
args: (7, 6) => 14
