args: (1, 2, 10) => 14
args: (1, 2, 11) => 15
args: (1, 2, 12) => 16
args: (1, 4, 10) => 16
args: (1, 4, 11) => 17
args: (1, 4, 12) => 18
args: (1, 6, 10) => 18
args: (1, 6, 11) => 19
args: (1, 6, 12) => 20
args: (2, 2, 10) => 15
args: (2, 2, 11) => 16
args: (2, 2, 12) => 17
args: (2, 4, 10) => 17
args: (2, 4, 11) => 18
args: (2, 4, 12) => 19
args: (2, 6, 10) => 19
args: (2, 6, 11) => 20
args: (2, 6, 12) => 21
args: (3, 2, 10) => 16
args: (3, 2, 11) => 17
args: (3, 2, 12) => 18
args: (3, 4, 10) => 18
args: (3, 4, 11) => 19
args: (3, 4, 12) => 20
args: (3, 6, 10) => 20
args: (3, 6, 11) => 21
args: (3, 6, 12) => 22
